------------------------------------------------------------
Timing Analyzer Summary
------------------------------------------------------------

Type  : Slow 1200mV 85C Model Setup 'GPIO[21]'
Slack : -4.366
TNS   : -1936.691

Type  : Slow 1200mV 85C Model Setup 'Inst_vga_pll|altpll_component|auto_generated|pll1|clk[0]'
Slack : 15.414
TNS   : 0.000

Type  : Slow 1200mV 85C Model Setup 'Inst_vga_pll|altpll_component|auto_generated|pll1|clk[1]'
Slack : 25.252
TNS   : 0.000

Type  : Slow 1200mV 85C Model Hold 'Inst_vga_pll|altpll_component|auto_generated|pll1|clk[1]'
Slack : 0.377
TNS   : 0.000

Type  : Slow 1200mV 85C Model Hold 'Inst_vga_pll|altpll_component|auto_generated|pll1|clk[0]'
Slack : 0.404
TNS   : 0.000

Type  : Slow 1200mV 85C Model Hold 'GPIO[21]'
Slack : 0.440
TNS   : 0.000

Type  : Slow 1200mV 85C Model Minimum Pulse Width 'GPIO[21]'
Slack : -3.210
TNS   : -1634.532

Type  : Slow 1200mV 85C Model Minimum Pulse Width 'Inst_vga_pll|altpll_component|auto_generated|pll1|clk[0]'
Slack : 9.706
TNS   : 0.000

Type  : Slow 1200mV 85C Model Minimum Pulse Width 'CLOCK_50'
Slack : 9.819
TNS   : 0.000

Type  : Slow 1200mV 85C Model Minimum Pulse Width 'Inst_vga_pll|altpll_component|auto_generated|pll1|clk[1]'
Slack : 19.708
TNS   : 0.000

Type  : Slow 1200mV 0C Model Setup 'GPIO[21]'
Slack : -3.950
TNS   : -1724.406

Type  : Slow 1200mV 0C Model Setup 'Inst_vga_pll|altpll_component|auto_generated|pll1|clk[0]'
Slack : 15.753
TNS   : 0.000

Type  : Slow 1200mV 0C Model Setup 'Inst_vga_pll|altpll_component|auto_generated|pll1|clk[1]'
Slack : 26.342
TNS   : 0.000

Type  : Slow 1200mV 0C Model Hold 'Inst_vga_pll|altpll_component|auto_generated|pll1|clk[1]'
Slack : 0.353
TNS   : 0.000

Type  : Slow 1200mV 0C Model Hold 'Inst_vga_pll|altpll_component|auto_generated|pll1|clk[0]'
Slack : 0.355
TNS   : 0.000

Type  : Slow 1200mV 0C Model Hold 'GPIO[21]'
Slack : 0.384
TNS   : 0.000

Type  : Slow 1200mV 0C Model Minimum Pulse Width 'GPIO[21]'
Slack : -3.210
TNS   : -1591.999

Type  : Slow 1200mV 0C Model Minimum Pulse Width 'Inst_vga_pll|altpll_component|auto_generated|pll1|clk[0]'
Slack : 9.709
TNS   : 0.000

Type  : Slow 1200mV 0C Model Minimum Pulse Width 'CLOCK_50'
Slack : 9.799
TNS   : 0.000

Type  : Slow 1200mV 0C Model Minimum Pulse Width 'Inst_vga_pll|altpll_component|auto_generated|pll1|clk[1]'
Slack : 19.710
TNS   : 0.000

Type  : Fast 1200mV 0C Model Setup 'GPIO[21]'
Slack : -1.770
TNS   : -727.104

Type  : Fast 1200mV 0C Model Setup 'Inst_vga_pll|altpll_component|auto_generated|pll1|clk[0]'
Slack : 17.791
TNS   : 0.000

Type  : Fast 1200mV 0C Model Setup 'Inst_vga_pll|altpll_component|auto_generated|pll1|clk[1]'
Slack : 32.058
TNS   : 0.000

Type  : Fast 1200mV 0C Model Hold 'Inst_vga_pll|altpll_component|auto_generated|pll1|clk[1]'
Slack : 0.160
TNS   : 0.000

Type  : Fast 1200mV 0C Model Hold 'Inst_vga_pll|altpll_component|auto_generated|pll1|clk[0]'
Slack : 0.183
TNS   : 0.000

Type  : Fast 1200mV 0C Model Hold 'GPIO[21]'
Slack : 0.199
TNS   : 0.000

Type  : Fast 1200mV 0C Model Minimum Pulse Width 'GPIO[21]'
Slack : -3.000
TNS   : -960.193

Type  : Fast 1200mV 0C Model Minimum Pulse Width 'CLOCK_50'
Slack : 9.400
TNS   : 0.000

Type  : Fast 1200mV 0C Model Minimum Pulse Width 'Inst_vga_pll|altpll_component|auto_generated|pll1|clk[0]'
Slack : 9.779
TNS   : 0.000

Type  : Fast 1200mV 0C Model Minimum Pulse Width 'Inst_vga_pll|altpll_component|auto_generated|pll1|clk[1]'
Slack : 19.752
TNS   : 0.000

------------------------------------------------------------
